###############################################################################
#
# IAR ELF Linker V9.20.4.327/W64 for ARM                  20/Feb/2023  14:36:56
# Copyright 2007-2022 IAR Systems AB.
#
#    Output file  =
#        C:\Users\KwakDongwook\Documents\motor_control\EWARM\motor_control\Exe\motor_control.out
#    Map file     =
#        C:\Users\KwakDongwook\Documents\motor_control\EWARM\motor_control\List\motor_control.map
#    Command line =
#        -f
#        C:\Users\KwakDongwook\Documents\motor_control\EWARM\motor_control\Exe\motor_control.out.rsp
#        (C:\Users\KwakDongwook\Documents\motor_control\EWARM\motor_control\Obj\Application\User\Core\Functions\extra_motor_function.o
#        C:\Users\KwakDongwook\Documents\motor_control\EWARM\motor_control\Obj\Application\User\Core\main.o
#        C:\Users\KwakDongwook\Documents\motor_control\EWARM\motor_control\Obj\Application\User\Core\Functions\mit_receiving.o
#        C:\Users\KwakDongwook\Documents\motor_control\EWARM\motor_control\Obj\Application\User\Core\Functions\mit_sending.o
#        C:\Users\KwakDongwook\Documents\motor_control\EWARM\motor_control\Obj\Application\User\Core\Functions\motor_control_demos.o
#        C:\Users\KwakDongwook\Documents\motor_control\EWARM\motor_control\Obj\Application\User\Core\PID.o
#        C:\Users\KwakDongwook\Documents\motor_control\EWARM\motor_control\Obj\Application\User\Core\Functions\servo_receiving.o
#        C:\Users\KwakDongwook\Documents\motor_control\EWARM\motor_control\Obj\Application\User\Core\Functions\servo_sending.o
#        C:\Users\KwakDongwook\Documents\motor_control\EWARM\motor_control\Obj\Application\EWARM\startup_stm32f446xx.o
#        C:\Users\KwakDongwook\Documents\motor_control\EWARM\motor_control\Obj\Drivers\STM32F4xx_HAL_Driver\stm32f4xx_hal.o
#        C:\Users\KwakDongwook\Documents\motor_control\EWARM\motor_control\Obj\Drivers\STM32F4xx_HAL_Driver\stm32f4xx_hal_adc.o
#        C:\Users\KwakDongwook\Documents\motor_control\EWARM\motor_control\Obj\Drivers\STM32F4xx_HAL_Driver\stm32f4xx_hal_adc_ex.o
#        C:\Users\KwakDongwook\Documents\motor_control\EWARM\motor_control\Obj\Drivers\STM32F4xx_HAL_Driver\stm32f4xx_hal_can.o
#        C:\Users\KwakDongwook\Documents\motor_control\EWARM\motor_control\Obj\Drivers\STM32F4xx_HAL_Driver\stm32f4xx_hal_cortex.o
#        C:\Users\KwakDongwook\Documents\motor_control\EWARM\motor_control\Obj\Drivers\STM32F4xx_HAL_Driver\stm32f4xx_hal_dma.o
#        C:\Users\KwakDongwook\Documents\motor_control\EWARM\motor_control\Obj\Drivers\STM32F4xx_HAL_Driver\stm32f4xx_hal_dma_ex.o
#        C:\Users\KwakDongwook\Documents\motor_control\EWARM\motor_control\Obj\Drivers\STM32F4xx_HAL_Driver\stm32f4xx_hal_exti.o
#        C:\Users\KwakDongwook\Documents\motor_control\EWARM\motor_control\Obj\Drivers\STM32F4xx_HAL_Driver\stm32f4xx_hal_flash.o
#        C:\Users\KwakDongwook\Documents\motor_control\EWARM\motor_control\Obj\Drivers\STM32F4xx_HAL_Driver\stm32f4xx_hal_flash_ex.o
#        C:\Users\KwakDongwook\Documents\motor_control\EWARM\motor_control\Obj\Drivers\STM32F4xx_HAL_Driver\stm32f4xx_hal_flash_ramfunc.o
#        C:\Users\KwakDongwook\Documents\motor_control\EWARM\motor_control\Obj\Drivers\STM32F4xx_HAL_Driver\stm32f4xx_hal_gpio.o
#        C:\Users\KwakDongwook\Documents\motor_control\EWARM\motor_control\Obj\Application\User\Core\stm32f4xx_hal_msp.o
#        C:\Users\KwakDongwook\Documents\motor_control\EWARM\motor_control\Obj\Drivers\STM32F4xx_HAL_Driver\stm32f4xx_hal_pwr.o
#        C:\Users\KwakDongwook\Documents\motor_control\EWARM\motor_control\Obj\Drivers\STM32F4xx_HAL_Driver\stm32f4xx_hal_pwr_ex.o
#        C:\Users\KwakDongwook\Documents\motor_control\EWARM\motor_control\Obj\Drivers\STM32F4xx_HAL_Driver\stm32f4xx_hal_rcc.o
#        C:\Users\KwakDongwook\Documents\motor_control\EWARM\motor_control\Obj\Drivers\STM32F4xx_HAL_Driver\stm32f4xx_hal_rcc_ex.o
#        C:\Users\KwakDongwook\Documents\motor_control\EWARM\motor_control\Obj\Drivers\STM32F4xx_HAL_Driver\stm32f4xx_hal_tim.o
#        C:\Users\KwakDongwook\Documents\motor_control\EWARM\motor_control\Obj\Drivers\STM32F4xx_HAL_Driver\stm32f4xx_hal_tim_ex.o
#        C:\Users\KwakDongwook\Documents\motor_control\EWARM\motor_control\Obj\Drivers\STM32F4xx_HAL_Driver\stm32f4xx_hal_uart.o
#        C:\Users\KwakDongwook\Documents\motor_control\EWARM\motor_control\Obj\Application\User\Core\stm32f4xx_it.o
#        C:\Users\KwakDongwook\Documents\motor_control\EWARM\motor_control\Obj\Drivers\STM32F4xx_HAL_Driver\stm32f4xx_ll_adc.o
#        C:\Users\KwakDongwook\Documents\motor_control\EWARM\motor_control\Obj\Drivers\CMSIS\system_stm32f4xx.o
#        --no_out_extension -o
#        C:\Users\KwakDongwook\Documents\motor_control\EWARM\motor_control\Exe\motor_control.out
#        --redirect _Printf=_PrintfFullNoMb --redirect _Scanf=_ScanfFullNoMb
#        --map
#        C:\Users\KwakDongwook\Documents\motor_control\EWARM\motor_control\List\motor_control.map
#        --config
#        C:\Users\KwakDongwook\Documents\motor_control\EWARM/stm32f446xx_flash.icf
#        --semihosting --entry __iar_program_start --vfe --text_out locale)
#
###############################################################################

*******************************************************************************
*** RUNTIME MODEL ATTRIBUTES
***

CppFlavor       = *
__CPP_Runtime   = 1
__SystemLibrary = DLib
__dlib_version  = 6


*******************************************************************************
*** HEAP SELECTION
***

The basic heap was selected because some modules are built with
size limitations (and not runtime checking), and --advanced_heap
was not specified.


*******************************************************************************
*** PLACEMENT SUMMARY
***

"A0":  place at address 0x800'0000 { ro section .intvec };
"P1":  place in [from 0x800'0000 to 0x807'ffff] { ro };
define block CSTACK with size = 1K, alignment = 8 { };
define block HEAP with size = 512, alignment = 8 { };
"P2":  place in [from 0x2000'0000 to 0x2001'ffff] {
          rw, block CSTACK, block HEAP };
initialize by copy { rw };

  Section            Kind         Address    Size  Object
  -------            ----         -------    ----  ------
"A0":                                       0x1c4
  .intvec            ro code   0x800'0000   0x1c4  startup_stm32f446xx.o [1]
                             - 0x800'01c4   0x1c4

"P1":                                      0x5399
  .text              ro code   0x800'01c4   0xba8  stm32f4xx_hal_uart.o [5]
  .text              ro code   0x800'0d6c   0x318  stm32f4xx_hal_msp.o [2]
  .text              ro code   0x800'1084   0x544  stm32f4xx_hal_dma.o [5]
  .text              ro code   0x800'15c8     0x2  stm32f4xx_hal_uart.o [5]
  .text              ro code   0x800'15ca     0x2  stm32f4xx_hal_uart.o [5]
  .text              ro code   0x800'15cc     0x2  stm32f4xx_hal_uart.o [5]
  .text              ro code   0x800'15ce     0x2  stm32f4xx_hal_uart.o [5]
  .text              ro code   0x800'15d0     0x2  stm32f4xx_hal_uart.o [5]
  .text              ro code   0x800'15d2     0x2  stm32f4xx_hal_uart.o [5]
  .text              ro code   0x800'15d4   0x190  stm32f4xx_hal_rcc.o [5]
  .text              ro code   0x800'1764   0x230  I64DivMod.o [8]
  .text              ro code   0x800'1994    0x14  memset.o [8]
  .text              ro code   0x800'19a8   0x24c  stm32f4xx_hal_gpio.o [5]
  .text              ro code   0x800'1bf4   0xac4  main.o [2]
  .text              ro code   0x800'26b8   0x158  stm32f4xx_hal_cortex.o [5]
  .text              ro code   0x800'2810     0xc  stm32f4xx_hal.o [5]
  .text              ro code   0x800'281c   0x540  stm32f4xx_hal_rcc_ex.o [5]
  .text              ro code   0x800'2d5c    0x4c  stm32f4xx_hal.o [5]
  .text              ro code   0x800'2da8     0x2  I64DivZer.o [8]
  .text              ro code   0x800'2daa    0x3a  packbits_init_single.o [8]
  .text              ro code   0x800'2de4    0x66  ABImemset.o [8]
  .text              ro code   0x800'2e4c    0xa6  ABImemcpy.o [8]
  .text              ro code   0x800'2ef4   0x844  stm32f4xx_hal_can.o [5]
  .text              ro code   0x800'3738    0x98  servo_receiving.o [3]
  .text              ro code   0x800'37d0   0x122  PID.o [2]
  .text              ro code   0x800'38f4   0x134  servo_sending.o [3]
  .text              ro code   0x800'3a28    0x48  FltToDbl.o [7]
  .text              ro code   0x800'3a70   0x1aa  DblMul.o [7]
  .text              ro code   0x800'3c1c   0x25e  DblAddSub.o [7]
  .text              ro code   0x800'3e7c   0x246  DblDiv.o [7]
  .text              ro code   0x800'40c4    0x68  DblToFlt.o [7]
  .text              ro code   0x800'412c   0x1d4  cos_sin32.o [7]
  .text              ro code   0x800'4300    0x1c  U32ToDbl.o [7]
  .text              ro code   0x800'431c   0x6d2  stm32f4xx_hal_adc.o [5]
  .text              ro code   0x800'49f0   0x6a0  stm32f4xx_hal_tim.o [5]
  .text              ro code   0x800'5090    0x34  stm32f4xx_hal.o [5]
  .text              ro code   0x800'50c4    0x18  motor_control_demos.o [3]
  .text              ro code   0x800'50dc    0xac  stm32f4xx_hal_tim_ex.o [5]
  .text              ro code   0x800'5188     0x2  stm32f4xx_hal_can.o [5]
  .text              ro code   0x800'518a     0x2  stm32f4xx_hal_can.o [5]
  .text              ro code   0x800'518c     0x2  stm32f4xx_hal_can.o [5]
  .text              ro code   0x800'518e     0x2  stm32f4xx_hal_can.o [5]
  .text              ro code   0x800'5190     0x2  stm32f4xx_hal_can.o [5]
  .text              ro code   0x800'5192     0x2  stm32f4xx_hal_can.o [5]
  .text              ro code   0x800'5194     0x2  stm32f4xx_hal_can.o [5]
  .text              ro code   0x800'5196     0x2  stm32f4xx_hal_can.o [5]
  .text              ro code   0x800'5198     0x2  stm32f4xx_hal_can.o [5]
  .text              ro code   0x800'519a     0x2  stm32f4xx_hal_can.o [5]
  .text              ro code   0x800'519c     0x2  stm32f4xx_hal_can.o [5]
  .text              ro code   0x800'519e     0x2  stm32f4xx_hal_can.o [5]
  .text              ro code   0x800'51a0    0x36  DblToS32.o [7]
  .text              ro code   0x800'51d6     0x2  stm32f4xx_hal_adc.o [5]
  .text              ro code   0x800'51d8     0x2  stm32f4xx_hal_adc.o [5]
  .text              ro code   0x800'51da     0x2  stm32f4xx_hal_adc.o [5]
  .text              ro code   0x800'51dc     0x2  stm32f4xx_hal_tim.o [5]
  .text              ro code   0x800'51de     0x2  stm32f4xx_hal_tim.o [5]
  .text              ro code   0x800'51e0     0x2  stm32f4xx_hal_tim.o [5]
  .text              ro code   0x800'51e2     0x2  stm32f4xx_hal_tim_ex.o [5]
  .text              ro code   0x800'51e4     0x2  stm32f4xx_hal_tim.o [5]
  .text              ro code   0x800'51e6     0x2  stm32f4xx_hal_tim_ex.o [5]
  .text              ro code   0x800'51e8    0x7c  stm32f4xx_it.o [2]
  .text              ro code   0x800'5264    0x18  stm32f4xx_hal.o [5]
  .text              ro code   0x800'527c    0x38  zero_init3.o [8]
  .text              ro code   0x800'52b4    0x28  data_init.o [8]
  .text              ro code   0x800'52dc    0x22  fpinit_M.o [7]
  .iar.init_table    const     0x800'5300    0x20  - Linker created -
  .text              ro code   0x800'5320    0x1e  cmain.o [8]
  .text              ro code   0x800'533e     0x4  low_level_init.o [6]
  .text              ro code   0x800'5342     0x4  exit.o [6]
  .text              ro code   0x800'5348     0xa  cexit.o [8]
  .text              ro code   0x800'5354    0x14  exit.o [9]
  .text              ro code   0x800'5368    0x1c  system_stm32f4xx.o [4]
  .text              ro code   0x800'5384    0x1c  cstartup_M.o [8]
  .rodata            const     0x800'53a0    0x10  system_stm32f4xx.o [4]
  .text              ro code   0x800'53b0    0x10  startup_stm32f446xx.o [1]
  .rodata            const     0x800'53c0     0x8  stm32f4xx_hal_dma.o [5]
  .rodata            const     0x800'53c8     0x8  system_stm32f4xx.o [4]
  .text              ro code   0x800'53d0     0x4  startup_stm32f446xx.o [1]
  .text              ro code   0x800'53d4     0x4  startup_stm32f446xx.o [1]
  .text              ro code   0x800'53d8     0x4  startup_stm32f446xx.o [1]
  .text              ro code   0x800'53dc     0x4  startup_stm32f446xx.o [1]
  .text              ro code   0x800'53e0     0x4  startup_stm32f446xx.o [1]
  .text              ro code   0x800'53e4     0x4  startup_stm32f446xx.o [1]
  .text              ro code   0x800'53e8     0x4  startup_stm32f446xx.o [1]
  .text              ro code   0x800'53ec     0x4  startup_stm32f446xx.o [1]
  .text              ro code   0x800'53f0     0x4  startup_stm32f446xx.o [1]
  .text              ro code   0x800'53f4     0x4  startup_stm32f446xx.o [1]
  .text              ro code   0x800'53f8     0x4  startup_stm32f446xx.o [1]
  .text              ro code   0x800'53fc     0x4  startup_stm32f446xx.o [1]
  .text              ro code   0x800'5400     0x4  startup_stm32f446xx.o [1]
  .text              ro code   0x800'5404     0x4  startup_stm32f446xx.o [1]
  .text              ro code   0x800'5408     0x4  startup_stm32f446xx.o [1]
  .text              ro code   0x800'540c     0x4  startup_stm32f446xx.o [1]
  .text              ro code   0x800'5410     0x4  startup_stm32f446xx.o [1]
  .text              ro code   0x800'5414     0x4  startup_stm32f446xx.o [1]
  .text              ro code   0x800'5418     0x4  startup_stm32f446xx.o [1]
  .text              ro code   0x800'541c     0x4  startup_stm32f446xx.o [1]
  .text              ro code   0x800'5420     0x4  startup_stm32f446xx.o [1]
  .text              ro code   0x800'5424     0x4  startup_stm32f446xx.o [1]
  .text              ro code   0x800'5428     0x4  startup_stm32f446xx.o [1]
  .text              ro code   0x800'542c     0x4  startup_stm32f446xx.o [1]
  .text              ro code   0x800'5430     0x4  startup_stm32f446xx.o [1]
  .text              ro code   0x800'5434     0x4  startup_stm32f446xx.o [1]
  .text              ro code   0x800'5438     0x4  startup_stm32f446xx.o [1]
  .text              ro code   0x800'543c     0x4  startup_stm32f446xx.o [1]
  .text              ro code   0x800'5440     0x4  startup_stm32f446xx.o [1]
  .text              ro code   0x800'5444     0x4  startup_stm32f446xx.o [1]
  .text              ro code   0x800'5448     0x4  startup_stm32f446xx.o [1]
  .text              ro code   0x800'544c     0x4  startup_stm32f446xx.o [1]
  .text              ro code   0x800'5450     0x4  startup_stm32f446xx.o [1]
  .text              ro code   0x800'5454     0x4  startup_stm32f446xx.o [1]
  .text              ro code   0x800'5458     0x4  startup_stm32f446xx.o [1]
  .text              ro code   0x800'545c     0x4  startup_stm32f446xx.o [1]
  .text              ro code   0x800'5460     0x4  startup_stm32f446xx.o [1]
  .text              ro code   0x800'5464     0x4  startup_stm32f446xx.o [1]
  .text              ro code   0x800'5468     0x4  startup_stm32f446xx.o [1]
  .text              ro code   0x800'546c     0x4  startup_stm32f446xx.o [1]
  .text              ro code   0x800'5470     0x4  startup_stm32f446xx.o [1]
  .text              ro code   0x800'5474     0x4  startup_stm32f446xx.o [1]
  .text              ro code   0x800'5478     0x4  startup_stm32f446xx.o [1]
  .text              ro code   0x800'547c     0x4  startup_stm32f446xx.o [1]
  .text              ro code   0x800'5480     0x4  startup_stm32f446xx.o [1]
  .text              ro code   0x800'5484     0x4  startup_stm32f446xx.o [1]
  .text              ro code   0x800'5488     0x4  startup_stm32f446xx.o [1]
  .text              ro code   0x800'548c     0x4  startup_stm32f446xx.o [1]
  .text              ro code   0x800'5490     0x4  startup_stm32f446xx.o [1]
  .text              ro code   0x800'5494     0x4  startup_stm32f446xx.o [1]
  .text              ro code   0x800'5498     0x4  startup_stm32f446xx.o [1]
  .text              ro code   0x800'549c     0x4  startup_stm32f446xx.o [1]
  .text              ro code   0x800'54a0     0x4  startup_stm32f446xx.o [1]
  .text              ro code   0x800'54a4     0x4  startup_stm32f446xx.o [1]
  .text              ro code   0x800'54a8     0x4  startup_stm32f446xx.o [1]
  .text              ro code   0x800'54ac     0x4  startup_stm32f446xx.o [1]
  .text              ro code   0x800'54b0     0x4  startup_stm32f446xx.o [1]
  .text              ro code   0x800'54b4     0x4  startup_stm32f446xx.o [1]
  .text              ro code   0x800'54b8     0x4  startup_stm32f446xx.o [1]
  .text              ro code   0x800'54bc     0x4  startup_stm32f446xx.o [1]
  .text              ro code   0x800'54c0     0x4  startup_stm32f446xx.o [1]
  .text              ro code   0x800'54c4     0x4  startup_stm32f446xx.o [1]
  .text              ro code   0x800'54c8     0x4  startup_stm32f446xx.o [1]
  .text              ro code   0x800'54cc     0x4  startup_stm32f446xx.o [1]
  .text              ro code   0x800'54d0     0x4  startup_stm32f446xx.o [1]
  .text              ro code   0x800'54d4     0x4  startup_stm32f446xx.o [1]
  .text              ro code   0x800'54d8     0x4  startup_stm32f446xx.o [1]
  .text              ro code   0x800'54dc     0x4  startup_stm32f446xx.o [1]
  .text              ro code   0x800'54e0     0x4  startup_stm32f446xx.o [1]
  .text              ro code   0x800'54e4     0x4  startup_stm32f446xx.o [1]
  .text              ro code   0x800'54e8     0x4  startup_stm32f446xx.o [1]
  .text              ro code   0x800'54ec     0x4  startup_stm32f446xx.o [1]
  .text              ro code   0x800'54f0     0x4  startup_stm32f446xx.o [1]
  .text              ro code   0x800'54f4     0x4  startup_stm32f446xx.o [1]
  .text              ro code   0x800'54f8     0x4  startup_stm32f446xx.o [1]
  .text              ro code   0x800'54fc     0x4  startup_stm32f446xx.o [1]
  .text              ro code   0x800'5500     0x4  startup_stm32f446xx.o [1]
  .text              ro code   0x800'5504     0x4  startup_stm32f446xx.o [1]
  .text              ro code   0x800'5508     0x4  startup_stm32f446xx.o [1]
  .rodata            const     0x800'550c     0x0  zero_init3.o [8]
  .rodata            const     0x800'550c     0x0  packbits_init_single.o [8]
  Initializer bytes  const     0x800'550c    0x51  <for P2-1>
                             - 0x800'555d  0x5399

"P2", part 1 of 3:                           0x64
  P2-1                        0x2000'0000    0x64  <Init block>
    .data            inited   0x2000'0000     0x4  main.o [2]
    .data            inited   0x2000'0004     0x4  main.o [2]
    .data            inited   0x2000'0008     0x4  main.o [2]
    .data            inited   0x2000'000c     0x4  main.o [2]
    .data            inited   0x2000'0010     0x4  main.o [2]
    .data            inited   0x2000'0014    0x38  main.o [2]
    .data            inited   0x2000'004c     0x4  main.o [2]
    .data            inited   0x2000'0050     0x4  main.o [2]
    .data            inited   0x2000'0054     0x4  stm32f4xx_hal.o [5]
    .data            inited   0x2000'0058     0x4  system_stm32f4xx.o [4]
    .data            inited   0x2000'005c     0x2  main.o [2]
    .data            inited   0x2000'005e     0x2  main.o [2]
    .data            inited   0x2000'0060     0x2  main.o [2]
    .data            inited   0x2000'0062     0x1  main.o [2]
    .data            inited   0x2000'0063     0x1  stm32f4xx_hal.o [5]
                            - 0x2000'0064    0x64

"P2", part 2 of 3:                          0x384
  .bss               zero     0x2000'0064    0x60  main.o [2]
  .bss               zero     0x2000'00c4    0x60  main.o [2]
  .bss               zero     0x2000'0124    0x60  main.o [2]
  .bss               zero     0x2000'0184    0x48  main.o [2]
  .bss               zero     0x2000'01cc    0x48  main.o [2]
  .bss               zero     0x2000'0214    0x48  main.o [2]
  .bss               zero     0x2000'025c    0x48  main.o [2]
  .bss               zero     0x2000'02a4    0x44  main.o [2]
  .bss               zero     0x2000'02e8    0x28  main.o [2]
  .bss               zero     0x2000'0310    0x1c  main.o [2]
  .bss               zero     0x2000'032c    0x18  main.o [2]
  .bss               zero     0x2000'0344    0x18  main.o [2]
  .bss               zero     0x2000'035c    0x18  servo_sending.o [3]
  .bss               zero     0x2000'0374    0x10  main.o [2]
  .bss               zero     0x2000'0384     0x8  main.o [2]
  .bss               zero     0x2000'038c     0x8  main.o [2]
  .bss               zero     0x2000'0394     0x4  main.o [2]
  .bss               zero     0x2000'0398     0x4  main.o [2]
  .bss               zero     0x2000'039c     0x4  main.o [2]
  .bss               zero     0x2000'03a0     0x4  main.o [2]
  .bss               zero     0x2000'03a4     0x4  main.o [2]
  .bss               zero     0x2000'03a8     0x4  main.o [2]
  .bss               zero     0x2000'03ac     0x4  main.o [2]
  .bss               zero     0x2000'03b0     0x4  main.o [2]
  .bss               zero     0x2000'03b4     0x4  main.o [2]
  .bss               zero     0x2000'03b8     0x4  main.o [2]
  .bss               zero     0x2000'03bc     0x4  main.o [2]
  .bss               zero     0x2000'03c0     0x4  main.o [2]
  .bss               zero     0x2000'03c4     0x4  main.o [2]
  .bss               zero     0x2000'03c8     0x4  servo_sending.o [3]
  .bss               zero     0x2000'03cc     0x4  stm32f4xx_hal.o [5]
  .bss               zero     0x2000'03d0     0x2  main.o [2]
  .bss               zero     0x2000'03d2     0x2  main.o [2]
  .bss               zero     0x2000'03d4     0x2  main.o [2]
  .bss               zero     0x2000'03d6     0x2  main.o [2]
  .bss               zero     0x2000'03d8     0x2  main.o [2]
  .bss               zero     0x2000'03da     0x2  main.o [2]
  .bss               zero     0x2000'03dc     0x2  main.o [2]
  .bss               zero     0x2000'03de     0x2  main.o [2]
  .bss               zero     0x2000'03e0     0x2  main.o [2]
  .bss               zero     0x2000'03e2     0x1  main.o [2]
  .bss               zero     0x2000'03e3     0x1  main.o [2]
  .bss               zero     0x2000'03e4     0x1  main.o [2]
                            - 0x2000'03e5   0x381

"P2", part 3 of 3:                          0x400
  CSTACK                      0x2000'03e8   0x400  <Block>
    CSTACK           uninit   0x2000'03e8   0x400  <Block tail>
                            - 0x2000'07e8   0x400

Unused ranges:

         From           To      Size
         ----           --      ----
   0x800'555d   0x807'ffff  0x7'aaa3
  0x2000'07e8  0x2001'ffff  0x1'f818


*******************************************************************************
*** INIT TABLE
***

          Address      Size
          -------      ----
Zero (__iar_zero_init3)
    1 destination range, total size 0x381:
          0x2000'0064  0x381

Copy/packbits (__iar_packbits_init_single3)
    1 source range, total size 0x51 (81% of destination):
           0x800'550c   0x51
    1 destination range, total size 0x64:
          0x2000'0000   0x64



*******************************************************************************
*** MODULE SUMMARY
***

    Module                  ro code  ro data  rw data
    ------                  -------  -------  -------
command line/config:
    -------------------------------------------------
    Total:

C:\Users\KwakDongwook\Documents\motor_control\EWARM\motor_control\Obj\Application\EWARM: [1]
    startup_stm32f446xx.o       784
    -------------------------------------------------
    Total:                      784

C:\Users\KwakDongwook\Documents\motor_control\EWARM\motor_control\Obj\Application\User\Core: [2]
    PID.o                       290
    main.o                    2'756       74      956
    stm32f4xx_hal_msp.o         792
    stm32f4xx_it.o              124
    -------------------------------------------------
    Total:                    3'962       74      956

C:\Users\KwakDongwook\Documents\motor_control\EWARM\motor_control\Obj\Application\User\Core\Functions: [3]
    motor_control_demos.o        24
    servo_receiving.o           152
    servo_sending.o             308                28
    -------------------------------------------------
    Total:                      484                28

C:\Users\KwakDongwook\Documents\motor_control\EWARM\motor_control\Obj\Drivers\CMSIS: [4]
    system_stm32f4xx.o           28       27        4
    -------------------------------------------------
    Total:                       28       27        4

C:\Users\KwakDongwook\Documents\motor_control\EWARM\motor_control\Obj\Drivers\STM32F4xx_HAL_Driver: [5]
    stm32f4xx_hal.o             164        4        9
    stm32f4xx_hal_adc.o       1'752
    stm32f4xx_hal_can.o       2'140
    stm32f4xx_hal_cortex.o      344
    stm32f4xx_hal_dma.o       1'348        8
    stm32f4xx_hal_gpio.o        588
    stm32f4xx_hal_rcc.o         400
    stm32f4xx_hal_rcc_ex.o    1'344
    stm32f4xx_hal_tim.o       1'704
    stm32f4xx_hal_tim_ex.o      176
    stm32f4xx_hal_uart.o      2'996
    -------------------------------------------------
    Total:                   12'956       12        9

dl7M_tlf.a: [6]
    exit.o                        4
    low_level_init.o              4
    -------------------------------------------------
    Total:                        8

m7M_tls.a: [7]
    DblAddSub.o                 606
    DblDiv.o                    582
    DblMul.o                    426
    DblToFlt.o                  104
    DblToS32.o                   54
    FltToDbl.o                   72
    U32ToDbl.o                   28
    cos_sin32.o                 468
    fpinit_M.o                   34
    -------------------------------------------------
    Total:                    2'374

rt7M_tl.a: [8]
    ABImemcpy.o                 166
    ABImemset.o                 102
    I64DivMod.o                 560
    I64DivZer.o                   2
    cexit.o                      10
    cmain.o                      30
    cstartup_M.o                 28
    data_init.o                  40
    memset.o                     20
    packbits_init_single.o       58
    zero_init3.o                 56
    -------------------------------------------------
    Total:                    1'072

shb_l.a: [9]
    exit.o                       20
    -------------------------------------------------
    Total:                       20

    Gaps                         18        2
    Linker created                        32    1'024
-----------------------------------------------------
    Grand Total:             21'706      147    2'021


*******************************************************************************
*** ENTRY LIST
***

Entry                       Address   Size  Type      Object
-----                       -------   ----  ----      ------
.iar.init_table$$Base    0x800'5300          --   Gb  - Linker created -
.iar.init_table$$Limit   0x800'5320          --   Gb  - Linker created -
?main                    0x800'5321         Code  Gb  cmain.o [8]
ADC_DMAConvCplt          0x800'4949   0x7a  Code  Lc  stm32f4xx_hal_adc.o [5]
ADC_DMAError             0x800'49d5   0x1a  Code  Lc  stm32f4xx_hal_adc.o [5]
ADC_DMAHalfConvCplt      0x800'49c5    0xe  Code  Lc  stm32f4xx_hal_adc.o [5]
ADC_Init                 0x800'47c7  0x15a  Code  Lc  stm32f4xx_hal_adc.o [5]
AHBPrescTable            0x800'53a0   0x10  Data  Gb  system_stm32f4xx.o [4]
APBPrescTable            0x800'53c8    0x8  Data  Gb  system_stm32f4xx.o [4]
BusFault_Handler         0x800'51ef    0x2  Code  Gb  stm32f4xx_it.o [2]
CAN1_RX0_IRQHandler      0x800'5215    0xa  Code  Gb  stm32f4xx_it.o [2]
CSTACK$$Base            0x2000'03e8          --   Gb  - Linker created -
CSTACK$$Limit           0x2000'07e8          --   Gb  - Linker created -
DMA1_Stream5_IRQHandler
                         0x800'5201    0xa  Code  Gb  stm32f4xx_it.o [2]
DMA1_Stream6_IRQHandler
                         0x800'520b    0xa  Code  Gb  stm32f4xx_it.o [2]
DMA2_Stream0_IRQHandler
                         0x800'523d    0xa  Code  Gb  stm32f4xx_it.o [2]
DMA_CalcBaseAndBitshift
                         0x800'14ed   0x30  Code  Lc  stm32f4xx_hal_dma.o [5]
DMA_CalcBaseAndBitshift::flagBitshiftOffset
                         0x800'53c0    0x8  Data  Lc  stm32f4xx_hal_dma.o [5]
DMA_CheckFifoParam       0x800'152d   0x9c  Code  Lc  stm32f4xx_hal_dma.o [5]
DMA_SetConfig            0x800'14bf   0x2e  Code  Lc  stm32f4xx_hal_dma.o [5]
DebugMon_Handler         0x800'51f5    0x2  Code  Gb  stm32f4xx_it.o [2]
Error_Handler            0x800'26b5    0x4  Code  Gb  main.o [2]
HAL_ADC_ConfigChannel    0x800'4639  0x18e  Code  Gb  stm32f4xx_hal_adc.o [5]
HAL_ADC_Init             0x800'431d   0x64  Code  Gb  stm32f4xx_hal_adc.o [5]
HAL_ADC_MspInit          0x800'0da7   0xa6  Code  Gb  stm32f4xx_hal_msp.o [2]
HAL_ADC_Start            0x800'4381  0x130  Code  Gb  stm32f4xx_hal_adc.o [5]
HAL_ADC_Start_DMA        0x800'44b1  0x188  Code  Gb  stm32f4xx_hal_adc.o [5]
HAL_CAN_ActivateNotification
                         0x800'34e1   0x34  Code  Gb  stm32f4xx_hal_can.o [5]
HAL_CAN_AddTxMessage     0x800'31e9  0x138  Code  Gb  stm32f4xx_hal_can.o [5]
HAL_CAN_ConfigFilter     0x800'3061  0x128  Code  Gb  stm32f4xx_hal_can.o [5]
HAL_CAN_GetRxMessage     0x800'3389  0x158  Code  Gb  stm32f4xx_hal_can.o [5]
HAL_CAN_GetTxMailboxesFreeLevel
                         0x800'3321   0x38  Code  Gb  stm32f4xx_hal_can.o [5]
HAL_CAN_IRQHandler       0x800'3515  0x224  Code  Gb  stm32f4xx_hal_can.o [5]
HAL_CAN_Init             0x800'2ef5  0x16c  Code  Gb  stm32f4xx_hal_can.o [5]
HAL_CAN_IsTxMessagePending
                         0x800'3359   0x30  Code  Gb  stm32f4xx_hal_can.o [5]
HAL_CAN_MspInit          0x800'0e4d   0x7a  Code  Gb  stm32f4xx_hal_msp.o [2]
HAL_CAN_RxFifo0MsgPendingCallback
                         0x800'1c8f   0x22  Code  Gb  main.o [2]
HAL_CAN_Start            0x800'3189   0x5c  Code  Gb  stm32f4xx_hal_can.o [5]
HAL_DMA_Abort            0x800'11f3   0x9c  Code  Gb  stm32f4xx_hal_dma.o [5]
HAL_DMA_Abort_IT         0x800'128f   0x28  Code  Gb  stm32f4xx_hal_dma.o [5]
HAL_DMA_IRQHandler       0x800'12b7  0x208  Code  Gb  stm32f4xx_hal_dma.o [5]
HAL_DMA_Init             0x800'1085   0xe2  Code  Gb  stm32f4xx_hal_dma.o [5]
HAL_DMA_Start_IT         0x800'1167   0x8c  Code  Gb  stm32f4xx_hal_dma.o [5]
HAL_GPIO_Init            0x800'19a9  0x216  Code  Gb  stm32f4xx_hal_gpio.o [5]
HAL_GetTick              0x800'2811    0xc  Code  Wk  stm32f4xx_hal.o [5]
HAL_IncTick              0x800'5265   0x18  Code  Wk  stm32f4xx_hal.o [5]
HAL_Init                 0x800'5091   0x30  Code  Gb  stm32f4xx_hal.o [5]
HAL_InitTick             0x800'2d5d   0x4c  Code  Wk  stm32f4xx_hal.o [5]
HAL_MspInit              0x800'0d6d   0x3a  Code  Gb  stm32f4xx_hal_msp.o [2]
HAL_NVIC_EnableIRQ       0x800'27d7    0xe  Code  Gb  stm32f4xx_hal_cortex.o [5]
HAL_NVIC_SetPriority     0x800'27ad   0x2a  Code  Gb  stm32f4xx_hal_cortex.o [5]
HAL_NVIC_SetPriorityGrouping
                         0x800'27a1    0xc  Code  Gb  stm32f4xx_hal_cortex.o [5]
HAL_RCC_ClockConfig      0x800'15d5  0x140  Code  Gb  stm32f4xx_hal_rcc.o [5]
HAL_RCC_GetHCLKFreq      0x800'1715    0x6  Code  Gb  stm32f4xx_hal_rcc.o [5]
HAL_RCC_GetPCLK1Freq     0x800'171b   0x16  Code  Gb  stm32f4xx_hal_rcc.o [5]
HAL_RCC_GetPCLK2Freq     0x800'1731   0x16  Code  Gb  stm32f4xx_hal_rcc.o [5]
HAL_RCC_GetSysClockFreq
                         0x800'281d   0xfa  Code  Gb  stm32f4xx_hal_rcc_ex.o [5]
HAL_RCC_OscConfig        0x800'291d  0x410  Code  Gb  stm32f4xx_hal_rcc_ex.o [5]
HAL_SYSTICK_Config       0x800'27e5    0xc  Code  Gb  stm32f4xx_hal_cortex.o [5]
HAL_TIMEx_BreakCallback
                         0x800'51e3    0x2  Code  Wk  stm32f4xx_hal_tim_ex.o [5]
HAL_TIMEx_CommutCallback
                         0x800'51e7    0x2  Code  Wk  stm32f4xx_hal_tim_ex.o [5]
HAL_TIMEx_MasterConfigSynchronization
                         0x800'50dd   0x8e  Code  Gb  stm32f4xx_hal_tim_ex.o [5]
HAL_TIM_Base_Init        0x800'49f1   0x6e  Code  Gb  stm32f4xx_hal_tim.o [5]
HAL_TIM_Base_MspInit     0x800'0ec7   0x8a  Code  Gb  stm32f4xx_hal_msp.o [2]
HAL_TIM_Base_Start       0x800'4a5f   0x8e  Code  Gb  stm32f4xx_hal_tim.o [5]
HAL_TIM_Base_Start_IT    0x800'4aed   0x9a  Code  Gb  stm32f4xx_hal_tim.o [5]
HAL_TIM_ConfigClockSource
                         0x800'4d1b   0xf4  Code  Gb  stm32f4xx_hal_tim.o [5]
HAL_TIM_IRQHandler       0x800'4ba5  0x176  Code  Gb  stm32f4xx_hal_tim.o [5]
HAL_TIM_PeriodElapsedCallback
                         0x800'1cb1  0x460  Code  Gb  main.o [2]
HAL_TIM_SlaveConfigSynchro
                         0x800'4e0f   0x62  Code  Gb  stm32f4xx_hal_tim.o [5]
HAL_UART_IRQHandler      0x800'0331  0x2cc  Code  Gb  stm32f4xx_hal_uart.o [5]
HAL_UART_Init            0x800'01c5   0x76  Code  Gb  stm32f4xx_hal_uart.o [5]
HAL_UART_MspInit         0x800'0f51   0xf2  Code  Gb  stm32f4xx_hal_msp.o [2]
HAL_UART_Receive_DMA     0x800'02e9   0x48  Code  Gb  stm32f4xx_hal_uart.o [5]
HAL_UART_Transmit_DMA    0x800'023b   0xa0  Code  Gb  stm32f4xx_hal_uart.o [5]
HardFault_Handler        0x800'51eb    0x2  Code  Gb  stm32f4xx_it.o [2]
Initialization          0x2000'03e2    0x1  Data  Gb  main.o [2]
MX_ADC1_Init             0x800'2283   0x78  Code  Lc  main.o [2]
MX_CAN1_Init             0x800'22fb   0x44  Code  Lc  main.o [2]
MX_DMA_Init              0x800'24d1   0x62  Code  Lc  main.o [2]
MX_GPIO_Init             0x800'2533   0x70  Code  Lc  main.o [2]
MX_TIM4_Init             0x800'233f   0x78  Code  Lc  main.o [2]
MX_TIM5_Init             0x800'23b7   0x9a  Code  Lc  main.o [2]
MX_TIM7_Init             0x800'2451   0x4e  Code  Lc  main.o [2]
MX_USART2_UART_Init      0x800'249f   0x32  Code  Lc  main.o [2]
MemManage_Handler        0x800'51ed    0x2  Code  Gb  stm32f4xx_it.o [2]
NMI_Handler              0x800'51e9    0x2  Code  Gb  stm32f4xx_it.o [2]
NVIC_EncodePriority      0x800'2731   0x40  Code  Lc  stm32f4xx_hal_cortex.o [5]
PIDController_Init       0x800'37d1   0x16  Code  Gb  PID.o [2]
PIDController_Update     0x800'37e7  0x10c  Code  Gb  PID.o [2]
PID_KD                  0x2000'0008    0x4  Data  Gb  main.o [2]
PID_KI                  0x2000'0004    0x4  Data  Gb  main.o [2]
PID_KP                  0x2000'0000    0x4  Data  Gb  main.o [2]
PID_LIM_MAX_INT         0x2000'0010    0x4  Data  Gb  main.o [2]
PID_LIM_MIN_INT         0x2000'000c    0x4  Data  Gb  main.o [2]
PendSV_Handler           0x800'51f7    0x2  Code  Gb  stm32f4xx_it.o [2]
Region$$Table$$Base      0x800'5300          --   Gb  - Linker created -
Region$$Table$$Limit     0x800'5320          --   Gb  - Linker created -
Rx0Data                 0x2000'038c    0x8  Data  Gb  main.o [2]
Rx0Header               0x2000'0310   0x1c  Data  Gb  main.o [2]
SVC_Handler              0x800'51f3    0x2  Code  Gb  stm32f4xx_it.o [2]
SysTick_Config           0x800'2771   0x30  Code  Lc  stm32f4xx_hal_cortex.o [5]
SysTick_Handler          0x800'51f9    0x8  Code  Gb  stm32f4xx_it.o [2]
SystemClock_Config       0x800'21d1   0xb2  Code  Gb  main.o [2]
SystemCoreClock         0x2000'0058    0x4  Data  Gb  system_stm32f4xx.o [4]
SystemInit               0x800'5369   0x14  Code  Gb  system_stm32f4xx.o [4]
T                       0x2000'0394    0x4  Data  Gb  main.o [2]
TIM4_IRQHandler          0x800'521f    0xa  Code  Gb  stm32f4xx_it.o [2]
TIM5_IRQHandler          0x800'5233    0xa  Code  Gb  stm32f4xx_it.o [2]
TIM_Base_SetConfig       0x800'4e71   0xc4  Code  Gb  stm32f4xx_hal_tim.o [5]
TIM_ETR_SetConfig        0x800'507b   0x16  Code  Gb  stm32f4xx_hal_tim.o [5]
TIM_ITRx_SetConfig       0x800'506b   0x10  Code  Lc  stm32f4xx_hal_tim.o [5]
TIM_SlaveTimer_SetConfig
                         0x800'4f37   0xbc  Code  Lc  stm32f4xx_hal_tim.o [5]
TIM_TI1_ConfigInputStage
                         0x800'5021   0x24  Code  Lc  stm32f4xx_hal_tim.o [5]
TIM_TI2_ConfigInputStage
                         0x800'5045   0x26  Code  Lc  stm32f4xx_hal_tim.o [5]
Tx0Header               0x2000'035c   0x18  Data  Gb  servo_sending.o [3]
Tx0Mailbox              0x2000'03c8    0x4  Data  Gb  servo_sending.o [3]
UART_DMAAbortOnError     0x800'08c9   0x16  Code  Lc  stm32f4xx_hal_uart.o [5]
UART_DMAError            0x800'0727   0x58  Code  Lc  stm32f4xx_hal_uart.o [5]
UART_DMAReceiveCplt      0x800'065f   0xa6  Code  Lc  stm32f4xx_hal_uart.o [5]
UART_DMARxHalfCplt       0x800'0705   0x22  Code  Lc  stm32f4xx_hal_uart.o [5]
UART_DMATransmitCplt     0x800'05fd   0x54  Code  Lc  stm32f4xx_hal_uart.o [5]
UART_DMATxHalfCplt       0x800'0651    0xe  Code  Lc  stm32f4xx_hal_uart.o [5]
UART_EndRxTransfer       0x800'085f   0x66  Code  Lc  stm32f4xx_hal_uart.o [5]
UART_EndTransmit_IT      0x800'0947   0x20  Code  Lc  stm32f4xx_hal_uart.o [5]
UART_EndTxTransfer       0x800'083b   0x24  Code  Lc  stm32f4xx_hal_uart.o [5]
UART_RX_DMA_Handler      0x800'1bf5   0x9a  Code  Gb  main.o [2]
UART_Receive_IT          0x800'0967   0xf2  Code  Lc  stm32f4xx_hal_uart.o [5]
UART_SetConfig           0x800'0a59  0x2fc  Code  Lc  stm32f4xx_hal_uart.o [5]
UART_Start_Receive_DMA   0x800'077f   0xbc  Code  Gb  stm32f4xx_hal_uart.o [5]
UART_Transmit_IT         0x800'08e1   0x66  Code  Lc  stm32f4xx_hal_uart.o [5]
USART2_IRQHandler        0x800'5229    0xa  Code  Gb  stm32f4xx_it.o [2]
UsageFault_Handler       0x800'51f1    0x2  Code  Gb  stm32f4xx_it.o [2]
__NVIC_EnableIRQ         0x800'26e7   0x1e  Code  Lc  stm32f4xx_hal_cortex.o [5]
__NVIC_GetPriorityGrouping
                         0x800'26db    0xc  Code  Lc  stm32f4xx_hal_cortex.o [5]
__NVIC_SetPriority       0x800'2705   0x2c  Code  Lc  stm32f4xx_hal_cortex.o [5]
__NVIC_SetPriorityGrouping
                         0x800'26b9   0x22  Code  Lc  stm32f4xx_hal_cortex.o [5]
__aeabi_d2f              0x800'40c5         Code  Gb  DblToFlt.o [7]
__aeabi_d2iz             0x800'51a1         Code  Gb  DblToS32.o [7]
__aeabi_dadd             0x800'3c1d         Code  Gb  DblAddSub.o [7]
__aeabi_ddiv             0x800'3e7d         Code  Gb  DblDiv.o [7]
__aeabi_dmul             0x800'3a71         Code  Gb  DblMul.o [7]
__aeabi_dsub             0x800'3d99         Code  Gb  DblAddSub.o [7]
__aeabi_f2d              0x800'3a29         Code  Gb  FltToDbl.o [7]
__aeabi_ldiv0            0x800'2da9         Code  Gb  I64DivZer.o [8]
__aeabi_memcpy           0x800'2e4d         Code  Gb  ABImemcpy.o [8]
__aeabi_memcpy4          0x800'2e6d         Code  Gb  ABImemcpy.o [8]
__aeabi_memcpy8          0x800'2e6d         Code  Gb  ABImemcpy.o [8]
__aeabi_memset           0x800'2de5         Code  Gb  ABImemset.o [8]
__aeabi_ui2d             0x800'4301         Code  Gb  U32ToDbl.o [7]
__aeabi_uldivmod         0x800'1765         Code  Gb  I64DivMod.o [8]
__cmain                  0x800'5321         Code  Gb  cmain.o [8]
__exit                   0x800'5355   0x14  Code  Gb  exit.o [9]
__iar_Memset             0x800'2de5         Code  Gb  ABImemset.o [8]
__iar_Memset_word        0x800'2ded         Code  Gb  ABImemset.o [8]
__iar_Sin32              0x800'412d  0x18c  Code  Lc  cos_sin32.o [7]
__iar_cos32              0x800'42f9    0x4  Code  Gb  cos_sin32.o [7]
__iar_cos_medium32       0x800'42f9    0x4  Code  Gb  cos_sin32.o [7]
__iar_cos_mediumf        0x800'42f9    0x4  Code  Gb  cos_sin32.o [7]
__iar_data_init3         0x800'52b5   0x28  Code  Gb  data_init.o [8]
__iar_init_vfp           0x800'52dd         Code  Gb  fpinit_M.o [7]
__iar_packbits_init_single3
                         0x800'2dab   0x3a  Code  Gb  packbits_init_single.o [8]
__iar_program_start      0x800'5385         Code  Gb  cstartup_M.o [8]
__iar_sin32              0x800'42fd    0x4  Code  Gb  cos_sin32.o [7]
__iar_sin_medium32       0x800'42fd    0x4  Code  Gb  cos_sin32.o [7]
__iar_sin_mediumf        0x800'42fd    0x4  Code  Gb  cos_sin32.o [7]
__iar_zero_init3         0x800'527d   0x38  Code  Gb  zero_init3.o [8]
__low_level_init         0x800'533f    0x4  Code  Gb  low_level_init.o [6]
__vector_table           0x800'0000         Data  Gb  startup_stm32f446xx.o [1]
_call_main               0x800'532d         Code  Gb  cmain.o [8]
_exit                    0x800'5349         Code  Gb  cexit.o [8]
a                       0x2000'03a0    0x4  Data  Gb  main.o [2]
adcValue                0x2000'03de    0x2  Data  Gb  main.o [2]
adcValuePrev            0x2000'03e0    0x2  Data  Gb  main.o [2]
amplitude               0x2000'004c    0x4  Data  Gb  main.o [2]
b                       0x2000'03a4    0x4  Data  Gb  main.o [2]
buffer                  0x2000'0384    0x8  Data  Gb  main.o [2]
buffer_append_int32      0x800'3945   0x3a  Code  Gb  servo_sending.o [3]
c                       0x2000'03a8    0x4  Data  Gb  main.o [2]
clock1                  0x2000'03d0    0x2  Data  Gb  main.o [2]
clock1Peak              0x2000'03d4    0x2  Data  Gb  main.o [2]
clock1Prev              0x2000'03d2    0x2  Data  Gb  main.o [2]
clock1Resolution        0x2000'005c    0x2  Data  Gb  main.o [2]
clock2                  0x2000'03d6    0x2  Data  Gb  main.o [2]
comm_can_set_duty        0x800'397f   0x4e  Code  Gb  servo_sending.o [3]
comm_can_set_origin      0x800'39cd   0x1e  Code  Gb  servo_sending.o [3]
controller_id           0x2000'0062    0x1  Data  Gb  main.o [2]
cosf                     0x800'42f9    0x4  Code  Gb  cos_sin32.o [7]
cutoff                  0x2000'039c    0x4  Data  Gb  main.o [2]
duty                    0x2000'03c4    0x4  Data  Gb  main.o [2]
enter_motor_mode_servo   0x800'39eb   0x28  Code  Gb  servo_sending.o [3]
exit                     0x800'5343    0x4  Code  Gb  exit.o [6]
freqCutoff              0x2000'0060    0x2  Data  Gb  main.o [2]
freqSampling            0x2000'005e    0x2  Data  Gb  main.o [2]
gravity_compensation_initialize
                         0x800'50c5   0x18  Code  Gb  motor_control_demos.o [3]
hadc1                   0x2000'0184   0x48  Data  Gb  main.o [2]
hcan1                   0x2000'02e8   0x28  Data  Gb  main.o [2]
hdma_adc1               0x2000'0064   0x60  Data  Gb  main.o [2]
hdma_usart2_rx          0x2000'0124   0x60  Data  Gb  main.o [2]
hdma_usart2_tx          0x2000'00c4   0x60  Data  Gb  main.o [2]
htim4                   0x2000'01cc   0x48  Data  Gb  main.o [2]
htim5                   0x2000'0214   0x48  Data  Gb  main.o [2]
htim7                   0x2000'025c   0x48  Data  Gb  main.o [2]
huart2                  0x2000'02a4   0x44  Data  Gb  main.o [2]
loadFiltered            0x2000'03ac    0x4  Data  Gb  main.o [2]
loadFilteredPrev        0x2000'03b0    0x4  Data  Gb  main.o [2]
main                     0x800'2111   0xc0  Code  Gb  main.o [2]
memset                   0x800'1995   0x14  Code  Gb  memset.o [8]
motor_cur               0x2000'03c0    0x4  Data  Gb  main.o [2]
motor_error             0x2000'03e4    0x1  Data  Gb  main.o [2]
motor_pos               0x2000'03b8    0x4  Data  Gb  main.o [2]
motor_receive            0x800'3739   0x98  Code  Gb  servo_receiving.o [3]
motor_spd               0x2000'03bc    0x4  Data  Gb  main.o [2]
motor_temp              0x2000'03e3    0x1  Data  Gb  main.o [2]
offset                  0x2000'0050    0x4  Data  Gb  main.o [2]
pid                     0x2000'0014   0x38  Data  Gb  main.o [2]
rxData                  0x2000'0344   0x18  Data  Gb  main.o [2]
rxDataDMA               0x2000'032c   0x18  Data  Gb  main.o [2]
sendFrameEXTId           0x800'38f5   0x50  Code  Gb  servo_sending.o [3]
sinf                     0x800'42fd    0x4  Code  Gb  cos_sin32.o [7]
target                  0x2000'03b4    0x4  Data  Gb  main.o [2]
tau                     0x2000'0398    0x4  Data  Gb  main.o [2]
tim4_cycle_time         0x2000'03da    0x2  Data  Gb  main.o [2]
tim4_cycle_time_max     0x2000'03dc    0x2  Data  Gb  main.o [2]
timeSec                 0x2000'03d8    0x2  Data  Gb  main.o [2]
txData                  0x2000'0374   0x10  Data  Gb  main.o [2]
uwTick                  0x2000'03cc    0x4  Data  Gb  stm32f4xx_hal.o [5]
uwTickFreq              0x2000'0063    0x1  Data  Gb  stm32f4xx_hal.o [5]
uwTickPrio              0x2000'0054    0x4  Data  Gb  stm32f4xx_hal.o [5]


[1] = C:\Users\KwakDongwook\Documents\motor_control\EWARM\motor_control\Obj\Application\EWARM
[2] = C:\Users\KwakDongwook\Documents\motor_control\EWARM\motor_control\Obj\Application\User\Core
[3] = C:\Users\KwakDongwook\Documents\motor_control\EWARM\motor_control\Obj\Application\User\Core\Functions
[4] = C:\Users\KwakDongwook\Documents\motor_control\EWARM\motor_control\Obj\Drivers\CMSIS
[5] = C:\Users\KwakDongwook\Documents\motor_control\EWARM\motor_control\Obj\Drivers\STM32F4xx_HAL_Driver
[6] = dl7M_tlf.a
[7] = m7M_tls.a
[8] = rt7M_tl.a
[9] = shb_l.a

  21'706 bytes of readonly  code memory
     147 bytes of readonly  data memory
   2'021 bytes of readwrite data memory

Errors: none
Warnings: none
